// Jest Snapshot v1, https://goo.gl/fbAQLP

exports[`currency-swap should change the from currency 1`] = `
"<div class=\\"flex items-center\\"><select class=\\"h-full py-0 pl-4 pr-7 border-transparent bg-transparent text-gray-500 sm:text-sm \\">
    <option value=\\"USD\\">USD</option>
    <option value=\\"JPY\\">JPY</option>
    <option value=\\"BGN\\">BGN</option>
    <option value=\\"CNY\\">CNY</option>
  </select><button type=\\"button\\" aria-label=\\"Switch currencies\\" class=\\"font-medium text-sm p-2.5 text-center inline-flex items-center\\"><svg xmlns=\\"http://www.w3.org/2000/svg\\" class=\\"w-6 h-6\\" fill=\\"none\\" viewBox=\\"0 0 24 24\\" stroke=\\"currentColor\\" stroke-width=\\"1\\">
      <path stroke-linecap=\\"round\\" stroke-linejoin=\\"round\\" d=\\"M8 7h12m0 0l-4-4m4 4l-4 4m0 6H4m0 0l4 4m-4-4l4-4\\"></path>
    </svg></button><select class=\\"h-full py-0 pl-4 pr-7 border-transparent bg-transparent text-gray-500 sm:text-sm \\">
    <option value=\\"USD\\">USD</option>
    <option value=\\"JPY\\">JPY</option>
    <option value=\\"BGN\\">BGN</option>
    <option value=\\"CNY\\">CNY</option>
  </select></div>"
`;

exports[`currency-swap should change the to currency 1`] = `
"<div class=\\"flex items-center\\"><select class=\\"h-full py-0 pl-4 pr-7 border-transparent bg-transparent text-gray-500 sm:text-sm \\">
    <option value=\\"USD\\">USD</option>
    <option value=\\"JPY\\">JPY</option>
    <option value=\\"BGN\\">BGN</option>
    <option value=\\"CNY\\">CNY</option>
  </select><button type=\\"button\\" aria-label=\\"Switch currencies\\" class=\\"font-medium text-sm p-2.5 text-center inline-flex items-center\\"><svg xmlns=\\"http://www.w3.org/2000/svg\\" class=\\"w-6 h-6\\" fill=\\"none\\" viewBox=\\"0 0 24 24\\" stroke=\\"currentColor\\" stroke-width=\\"1\\">
      <path stroke-linecap=\\"round\\" stroke-linejoin=\\"round\\" d=\\"M8 7h12m0 0l-4-4m4 4l-4 4m0 6H4m0 0l4 4m-4-4l4-4\\"></path>
    </svg></button><select class=\\"h-full py-0 pl-4 pr-7 border-transparent bg-transparent text-gray-500 sm:text-sm \\">
    <option value=\\"USD\\">USD</option>
    <option value=\\"JPY\\">JPY</option>
    <option value=\\"BGN\\">BGN</option>
    <option value=\\"CNY\\">CNY</option>
  </select></div>"
`;

exports[`currency-swap should render the selector 1`] = `
"<div class=\\"flex items-center\\"><select class=\\"h-full py-0 pl-4 pr-7 border-transparent bg-transparent text-gray-500 sm:text-sm \\">
    <option value=\\"USD\\">USD</option>
    <option value=\\"JPY\\">JPY</option>
    <option value=\\"BGN\\">BGN</option>
    <option value=\\"CNY\\">CNY</option>
  </select><button type=\\"button\\" aria-label=\\"Switch currencies\\" class=\\"font-medium text-sm p-2.5 text-center inline-flex items-center\\"><svg xmlns=\\"http://www.w3.org/2000/svg\\" class=\\"w-6 h-6\\" fill=\\"none\\" viewBox=\\"0 0 24 24\\" stroke=\\"currentColor\\" stroke-width=\\"1\\">
      <path stroke-linecap=\\"round\\" stroke-linejoin=\\"round\\" d=\\"M8 7h12m0 0l-4-4m4 4l-4 4m0 6H4m0 0l4 4m-4-4l4-4\\"></path>
    </svg></button><select class=\\"h-full py-0 pl-4 pr-7 border-transparent bg-transparent text-gray-500 sm:text-sm \\">
    <option value=\\"USD\\">USD</option>
    <option value=\\"JPY\\">JPY</option>
    <option value=\\"BGN\\">BGN</option>
    <option value=\\"CNY\\">CNY</option>
  </select></div>"
`;

exports[`currency-swap should switch the currency pair 1`] = `
"<div class=\\"flex items-center\\"><select class=\\"h-full py-0 pl-4 pr-7 border-transparent bg-transparent text-gray-500 sm:text-sm \\">
    <option value=\\"USD\\">USD</option>
    <option value=\\"JPY\\">JPY</option>
    <option value=\\"BGN\\">BGN</option>
    <option value=\\"CNY\\">CNY</option>
  </select><button type=\\"button\\" aria-label=\\"Switch currencies\\" class=\\"font-medium text-sm p-2.5 text-center inline-flex items-center\\"><svg xmlns=\\"http://www.w3.org/2000/svg\\" class=\\"w-6 h-6\\" fill=\\"none\\" viewBox=\\"0 0 24 24\\" stroke=\\"currentColor\\" stroke-width=\\"1\\">
      <path stroke-linecap=\\"round\\" stroke-linejoin=\\"round\\" d=\\"M8 7h12m0 0l-4-4m4 4l-4 4m0 6H4m0 0l4 4m-4-4l4-4\\"></path>
    </svg></button><select class=\\"h-full py-0 pl-4 pr-7 border-transparent bg-transparent text-gray-500 sm:text-sm \\">
    <option value=\\"USD\\">USD</option>
    <option value=\\"JPY\\">JPY</option>
    <option value=\\"BGN\\">BGN</option>
    <option value=\\"CNY\\">CNY</option>
  </select></div>"
`;
