// Jest Snapshot v1, https://goo.gl/fbAQLP

exports[`notify should render the notify component 1`] = `
"<div class=\\"notify-container\\">
  <div class=\\"rounded-md p-4 bg-green-50\\">
    <div class=\\"flex\\">
      <div class=\\"ml-3\\">
        <p class=\\"text-sm font-medium text-green-800\\">lorem</p>
      </div>
      <div class=\\"ml-auto pl-3\\">
        <div class=\\"-mx-1.5 -my-1.5\\"><button type=\\"button\\" class=\\"inline-flex align-baseline\\"><span class=\\"sr-only\\">Dismiss</span><svg xmlns=\\"http://www.w3.org/2000/svg\\" class=\\"h-6 w-6\\" fill=\\"none\\" viewBox=\\"0 0 24 24\\" stroke=\\"currentColor\\" stroke-width=\\"2\\">
              <path stroke-linecap=\\"round\\" stroke-linejoin=\\"round\\" d=\\"M6 18L18 6M6 6l12 12\\"></path>
            </svg></button></div>
      </div>
    </div>
  </div>
</div>"
`;
