// Jest Snapshot v1, https://goo.gl/fbAQLP

exports[`icons icon-close should render the icon 1`] = `
"<svg xmlns=\\"http://www.w3.org/2000/svg\\" class=\\"h-6 w-6\\" fill=\\"none\\" viewBox=\\"0 0 24 24\\" stroke=\\"currentColor\\" stroke-width=\\"2\\">
  <path stroke-linecap=\\"round\\" stroke-linejoin=\\"round\\" d=\\"M6 18L18 6M6 6l12 12\\"></path>
</svg>"
`;

exports[`icons icon-fresh should render the icon 1`] = `
"<svg xmlns=\\"http://www.w3.org/2000/svg\\" class=\\"h-6 w-6\\" fill=\\"none\\" viewBox=\\"0 0 24 24\\" stroke=\\"currentColor\\" stroke-width=\\"1\\">
  <path stroke-linecap=\\"round\\" stroke-linejoin=\\"round\\" d=\\"M4 4v5h.582m15.356 2A8.001 8.001 0 004.582 9m0 0H9m11 11v-5h-.581m0 0a8.003 8.003 0 01-15.357-2m15.357 2H15\\"></path>
</svg>"
`;

exports[`icons icon-swap should render the icon 1`] = `
"<svg xmlns=\\"http://www.w3.org/2000/svg\\" class=\\"w-6 h-6\\" fill=\\"none\\" viewBox=\\"0 0 24 24\\" stroke=\\"currentColor\\" stroke-width=\\"1\\">
  <path stroke-linecap=\\"round\\" stroke-linejoin=\\"round\\" d=\\"M8 7h12m0 0l-4-4m4 4l-4 4m0 6H4m0 0l4 4m-4-4l4-4\\"></path>
</svg>"
`;
